// Jest Snapshot v1, https://goo.gl/fbAQLP

exports[`Test In GifExpertApp should match snapshot 1`] = `
<Fragment>
  <h2>
    GIF Expert App
  </h2>
  <AddCategory
    setCategories={[Function]}
  />
  <hr />
  <ol>
    <GifGrid
      category="One Punch"
      key="One Punch"
    />
  </ol>
</Fragment>
`;
