// Jest Snapshot v1, https://goo.gl/fbAQLP

exports[`Pruebas en componente GifGridItem should show the component GifGridItem 1`] = `
<div
  className="card animate__animated animate__bounceInRight"
>
  <img
    alt="Un titulo"
    src="https://localhost/prueba"
  />
  <p>
    Un titulo
  </p>
</div>
`;
