// Jest Snapshot v1, https://goo.gl/fbAQLP

exports[`Test on GifGrid Component should show the component GifGrid 1`] = `
<Fragment>
  <h3>
    RickandMorty
  </h3>
  <div
    className="card-grid"
  />
</Fragment>
`;
